ets Jul 29 2019 12:21:46

rst:0x1 (POWERON_RESET),boot:0x13 (SPI_FAST_FLASH_BOOT)
configsip: 0, SPIWP:0xee
clk_drv:0x00,q_drv:0x00,d_drv:0x00,cs0_drv:0x00,hd_drv:0x00,wp_drv:0x00
mode:DIO, clock div:2
load:0x3fff0030,len:7132
ho 0 tail 12 room 4
load:0x40078000,len:15672
ho 0 tail 12 room 4
load:0x40080400,len:4
load:0x40080404,len:3884
entry 0x40080650
[0;32mI (33) boot: ESP-IDF v5.2-dev-1115-g3a45d4e949 2nd stage bootloader[0m
[0;32mI (33) boot: compile time Jun 16 2023 14:06:43[0m
[0;32mI (35) boot: Multicore bootloader[0m
[0;32mI (39) boot: chip revision: v3.0[0m
[0;32mI (43) boot.esp32: SPI Speed      : 40MHz[0m
[0;32mI (47) boot.esp32: SPI Mode       : DIO[0m
[0;32mI (52) boot.esp32: SPI Flash Size : 2MB[0m
[0;32mI (56) boot: Enabling RNG early entropy source...[0m
[0;32mI (62) boot: Partition Table:[0m
[0;32mI (65) boot: ## Label            Usage          Type ST Offset   Length[0m
[0;32mI (73) boot:  0 nvs              WiFi data        01 02 00009000 00006000[0m
[0;32mI (80) boot:  1 phy_init         RF data          01 01 0000f000 00001000[0m
[0;32mI (88) boot:  2 factory          factory app      00 00 00010000 00100000[0m
[0;32mI (95) boot: End of partition table[0m
[0;32mI (99) esp_image: segment 0: paddr=00010020 vaddr=3f400020 size=090b8h ( 37048) map[0m
[0;32mI (121) esp_image: segment 1: paddr=000190e0 vaddr=3ffb0000 size=020f0h (  8432) load[0m
[0;32mI (125) esp_image: segment 2: paddr=0001b1d8 vaddr=40080000 size=04e40h ( 20032) load[0m
[0;32mI (135) esp_image: segment 3: paddr=00020020 vaddr=400d0020 size=13930h ( 80176) map[0m
[0;32mI (165) esp_image: segment 4: paddr=00033958 vaddr=40084e40 size=06fa4h ( 28580) load[0m
[0;32mI (183) boot: Loaded app from partition at offset 0x10000[0m
[0;32mI (183) boot: Disabling RNG early entropy source...[0m
[0;32mI (194) cpu_start: Multicore app[0m
[0;32mI (195) cpu_start: Pro cpu up.[0m
[0;32mI (195) cpu_start: Starting app cpu, entry point is 0x40081018[0m
[0;32mI (0) cpu_start: App cpu up.[0m
[0;32mI (213) cpu_start: Pro cpu start user code[0m
[0;32mI (213) cpu_start: cpu freq: 160000000 Hz[0m
[0;32mI (213) cpu_start: Application information:[0m
[0;32mI (217) cpu_start: Project name:     hello_world[0m
[0;32mI (223) cpu_start: App version:      1[0m
[0;32mI (227) cpu_start: Compile time:     Jun 16 2023 14:06:37[0m
[0;32mI (233) cpu_start: ELF file SHA256:  c41dc86b0...[0m
[0;32mI (239) cpu_start: ESP-IDF:          v5.2-dev-1115-g3a45d4e949[0m
[0;32mI (245) cpu_start: Min chip rev:     v0.0[0m
[0;32mI (250) cpu_start: Max chip rev:     v3.99 [0m
[0;32mI (255) cpu_start: Chip rev:         v3.0[0m
[0;32mI (260) heap_init: Initializing. RAM available for dynamic allocation:[0m
[0;32mI (267) heap_init: At 3FFAE6E0 len 00001920 (6 KiB): DRAM[0m
[0;32mI (273) heap_init: At 3FFB2960 len 0002D6A0 (181 KiB): DRAM[0m
[0;32mI (279) heap_init: At 3FFE0440 len 00003AE0 (14 KiB): D/IRAM[0m
[0;32mI (285) heap_init: At 3FFE4350 len 0001BCB0 (111 KiB): D/IRAM[0m
[0;32mI (292) heap_init: At 4008BDE4 len 0001421C (80 KiB): IRAM[0m
[0;32mI (299) spi_flash: detected chip: generic[0m
[0;32mI (302) spi_flash: flash io: dio[0m
[0;33mW (306) spi_flash: Detected size(4096k) larger than the size in the binary image header(2048k). Using the size in the binary image header.[0m
[0;32mI (320) app_start: Starting scheduler on CPU0[0m
[0;32mI (325) app_start: Starting scheduler on CPU1[0m
[0;32mI (325) main_task: Started on CPU0[0m
[0;32mI (335) main_task: Calling app_main()[0m
Bon matin!
[0;32mI (335) main_task: Returned from app_main()[0m
Bon Bon Bon Bon Bon Bon Bon Bon Bon Bon matin!
Bon Bon Bon Bon Bon Bon Bon Bon Bon Bon Bon matin!
Bon Bon Bon Bon Bon Bon Bon Bon Bon Bon Bon matin!
Bon Bon Bon Bon Bon Bon Bon Bon Bon Bon Bon matin!
Bon Bon Bon Bon Bon Bon Bon Bon Bon Bon Bon matin!
Bon Bon Bon Bon Bon Bon Bon Bon Bon Bon Bon matin!
Bon Bon Bon Bon Bon Bon Bon Bon Bon Bon Bon matin!
Bon Bon Bon Bon Bon Bon Bon Bon Bon Bon Bon matin!
Bon Bon Bon Bon Bon Bon Bon Bon Bon Bon Bon matin!
Bon Bon Bon Bon Bon Bon Bon Bon Bon Bon Bon matin!
Bon Bon Bon Bon Bon Bon Bon Bon Bon Bon Bon matin!
Bon Bon Bon Bon Bon Bon Bon Bon Bon Bon Bon matin!
Bon Bon Bon Bon Bon Bon Bon Bon Bon Bon Bon matin!
Bon Bon Bon Bon Bon Bon Bon Bon Bon Bon Bon matin!
Bon Bon Bon Bon Bon Bon Bon Bon Bon Bon Bon matin!
Bon Bon Bon Bon Bon Bon Bon Bon Bon Bon Bon matin!
Bon Bon Bon Bon Bon Bon Bon Bon Bon Bon Bon matin!
Bon Bon Bon Bon Bon Bon Bon Bon Bon Bon Bon matin!
Bon Bon Bon Bon Bon Bon Bon Bon Bon Bon Bon matin!
Bon Bon Bon Bon Bon Bon Bon Bon Bon Bon Bon matin!
Bon Bon Bon Bon Bon Bon Bon Bon Bon Bon Bon matin!
Bon Bon Bon Bon Bon Bon Bon Bon Bon Bon Bon matin!
Bon Bon Bon Bon Bon Bon Bon Bon Bon Bon Bon matin!
